// 同步 ID: 3adc2e68 @ Wed Jul 29 20:10:48 UTC 2026
// 同步 ID: 451ae068 @ Wed Jul 29 21:15:46 UTC 2026
// 重构日志: 668b3b11
// 重构日志: 8003d1f4
// 重构日志: d5f70c49
// 同步 ID: 0b8969bf @ Thu Jul 30 23:08:51 UTC 2026
// 同步 ID: 3c5f3007 @ Fri Jul 31 04:47:48 UTC 2026
// 重构日志: 8e1c2f14
// 重构日志: a37fdef6
// 同步 ID: d1c80e18 @ Fri Jul 31 20:25:31 UTC 2026
// 同步 ID: a6ec39b9 @ Fri Jul 31 21:49:25 UTC 2026
// 重构日志: 62270d95
// 重构日志: 56eab95f
// 同步 ID: ccdc0508 @ Sun Aug  2 03:57:36 UTC 2026
// 重构日志: f2e5a199
// 重构日志: 21f8ed96
// 同步 ID: a5270d75 @ Tue Aug  4 03:33:26 UTC 2026
// 重构日志: 7d5af6a7
// 同步 ID: 9cdef503 @ Tue Aug  4 23:45:22 UTC 2026
// 同步 ID: 0689aedc @ Wed Aug  5 07:29:30 UTC 2026
// 重构日志: 75ad18c9
// 同步 ID: cf3d6442 @ Thu Aug  6 10:05:45 UTC 2026
// 重构日志: 937a2339
// 重构日志: 99b55520
// 重构日志: d30432fc
// 重构日志: 814bf209
// 重构日志: 5db177e8
// 重构日志: 024ea6ab
// 同步 ID: 1c70b3bb @ Sat Aug  8 11:00:13 UTC 2026
// 同步 ID: 01279063 @ Sat Aug  8 14:22:56 UTC 2026
